Archive member included to satisfy reference by file (symbol)

c:/program files (x86)/atmel/studio/7.0/toolchain/avr8/avr8-gnu-toolchain/bin/../lib/gcc/avr/5.4.0/../../../../avr/lib/avr5\libm.a(divsf3.o)
                              Tasks.o (__divsf3)
c:/program files (x86)/atmel/studio/7.0/toolchain/avr8/avr8-gnu-toolchain/bin/../lib/gcc/avr/5.4.0/../../../../avr/lib/avr5\libm.a(divsf3x.o)
                              c:/program files (x86)/atmel/studio/7.0/toolchain/avr8/avr8-gnu-toolchain/bin/../lib/gcc/avr/5.4.0/../../../../avr/lib/avr5\libm.a(divsf3.o) (__divsf3x)
c:/program files (x86)/atmel/studio/7.0/toolchain/avr8/avr8-gnu-toolchain/bin/../lib/gcc/avr/5.4.0/../../../../avr/lib/avr5\libm.a(fixunssfsi.o)
                              Tasks.o (__fixunssfsi)
c:/program files (x86)/atmel/studio/7.0/toolchain/avr8/avr8-gnu-toolchain/bin/../lib/gcc/avr/5.4.0/../../../../avr/lib/avr5\libm.a(floatsisf.o)
                              Tasks.o (__floatunsisf)
c:/program files (x86)/atmel/studio/7.0/toolchain/avr8/avr8-gnu-toolchain/bin/../lib/gcc/avr/5.4.0/../../../../avr/lib/avr5\libm.a(fp_inf.o)
                              c:/program files (x86)/atmel/studio/7.0/toolchain/avr8/avr8-gnu-toolchain/bin/../lib/gcc/avr/5.4.0/../../../../avr/lib/avr5\libm.a(divsf3x.o) (__fp_inf)
c:/program files (x86)/atmel/studio/7.0/toolchain/avr8/avr8-gnu-toolchain/bin/../lib/gcc/avr/5.4.0/../../../../avr/lib/avr5\libm.a(fp_nan.o)
                              c:/program files (x86)/atmel/studio/7.0/toolchain/avr8/avr8-gnu-toolchain/bin/../lib/gcc/avr/5.4.0/../../../../avr/lib/avr5\libm.a(divsf3x.o) (__fp_nan)
c:/program files (x86)/atmel/studio/7.0/toolchain/avr8/avr8-gnu-toolchain/bin/../lib/gcc/avr/5.4.0/../../../../avr/lib/avr5\libm.a(fp_pscA.o)
                              c:/program files (x86)/atmel/studio/7.0/toolchain/avr8/avr8-gnu-toolchain/bin/../lib/gcc/avr/5.4.0/../../../../avr/lib/avr5\libm.a(divsf3x.o) (__fp_pscA)
c:/program files (x86)/atmel/studio/7.0/toolchain/avr8/avr8-gnu-toolchain/bin/../lib/gcc/avr/5.4.0/../../../../avr/lib/avr5\libm.a(fp_pscB.o)
                              c:/program files (x86)/atmel/studio/7.0/toolchain/avr8/avr8-gnu-toolchain/bin/../lib/gcc/avr/5.4.0/../../../../avr/lib/avr5\libm.a(divsf3x.o) (__fp_pscB)
c:/program files (x86)/atmel/studio/7.0/toolchain/avr8/avr8-gnu-toolchain/bin/../lib/gcc/avr/5.4.0/../../../../avr/lib/avr5\libm.a(fp_round.o)
                              c:/program files (x86)/atmel/studio/7.0/toolchain/avr8/avr8-gnu-toolchain/bin/../lib/gcc/avr/5.4.0/../../../../avr/lib/avr5\libm.a(divsf3.o) (__fp_round)
c:/program files (x86)/atmel/studio/7.0/toolchain/avr8/avr8-gnu-toolchain/bin/../lib/gcc/avr/5.4.0/../../../../avr/lib/avr5\libm.a(fp_split3.o)
                              c:/program files (x86)/atmel/studio/7.0/toolchain/avr8/avr8-gnu-toolchain/bin/../lib/gcc/avr/5.4.0/../../../../avr/lib/avr5\libm.a(divsf3x.o) (__fp_split3)
c:/program files (x86)/atmel/studio/7.0/toolchain/avr8/avr8-gnu-toolchain/bin/../lib/gcc/avr/5.4.0/../../../../avr/lib/avr5\libm.a(fp_zero.o)
                              c:/program files (x86)/atmel/studio/7.0/toolchain/avr8/avr8-gnu-toolchain/bin/../lib/gcc/avr/5.4.0/../../../../avr/lib/avr5\libm.a(fixunssfsi.o) (__fp_zero)
c:/program files (x86)/atmel/studio/7.0/toolchain/avr8/avr8-gnu-toolchain/bin/../lib/gcc/avr/5.4.0/../../../../avr/lib/avr5\libm.a(mulsf3.o)
                              Tasks.o (__mulsf3)
c:/program files (x86)/atmel/studio/7.0/toolchain/avr8/avr8-gnu-toolchain/bin/../lib/gcc/avr/5.4.0/../../../../avr/lib/avr5\libm.a(mulsf3x.o)
                              c:/program files (x86)/atmel/studio/7.0/toolchain/avr8/avr8-gnu-toolchain/bin/../lib/gcc/avr/5.4.0/../../../../avr/lib/avr5\libm.a(mulsf3.o) (__mulsf3x)
c:/program files (x86)/atmel/studio/7.0/toolchain/avr8/avr8-gnu-toolchain/bin/../lib/gcc/avr/5.4.0/avr5\libgcc.a(_exit.o)
                              C:/Program Files (x86)/Atmel/Studio/7.0/Packs/atmel/ATmega_DFP/1.2.209/gcc/dev/atmega328p/avr5/crtatmega328p.o (exit)
c:/program files (x86)/atmel/studio/7.0/toolchain/avr8/avr8-gnu-toolchain/bin/../lib/gcc/avr/5.4.0/avr5\libgcc.a(_clear_bss.o)
                              main.o (__do_clear_bss)
c:/program files (x86)/atmel/studio/7.0/toolchain/avr8/avr8-gnu-toolchain/bin/../lib/gcc/avr/5.4.0/avr5\libgcc.a(_umulhisi3.o)
                              PWM.o (__umulhisi3)

Allocating common symbols
Common symbol       size              file

addTaskIndex        0x1               main.o
Task_list           0x2a              main.o
dc                  0x2               Tasks.o
data                0x1               USART.o
state_heating       0x1               main.o
currentTemperature  0x2               Tasks.o
overflows           0x2               main.o
targetTemperature   0x2               main.o

Discarded input sections

 .data          0x00000000        0x0 C:/Program Files (x86)/Atmel/Studio/7.0/Packs/atmel/ATmega_DFP/1.2.209/gcc/dev/atmega328p/avr5/crtatmega328p.o
 .bss           0x00000000        0x0 C:/Program Files (x86)/Atmel/Studio/7.0/Packs/atmel/ATmega_DFP/1.2.209/gcc/dev/atmega328p/avr5/crtatmega328p.o
 .group         0x00000000        0x8 ADC.o
 .group         0x00000000        0x8 ADC.o
 .group         0x00000000        0x8 ADC.o
 .group         0x00000000        0x8 ADC.o
 .group         0x00000000        0x8 ADC.o
 .group         0x00000000        0x8 ADC.o
 .group         0x00000000        0x8 ADC.o
 .group         0x00000000        0x8 ADC.o
 .group         0x00000000        0x8 ADC.o
 .group         0x00000000        0x8 ADC.o
 .group         0x00000000        0x8 ADC.o
 .text          0x00000000        0x0 ADC.o
 .data          0x00000000        0x0 ADC.o
 .bss           0x00000000        0x0 ADC.o
 .group         0x00000000        0x8 LEDs.o
 .group         0x00000000        0x8 LEDs.o
 .group         0x00000000        0x8 LEDs.o
 .group         0x00000000        0x8 LEDs.o
 .group         0x00000000        0x8 LEDs.o
 .group         0x00000000        0x8 LEDs.o
 .group         0x00000000        0x8 LEDs.o
 .group         0x00000000        0x8 LEDs.o
 .group         0x00000000        0x8 LEDs.o
 .group         0x00000000        0x8 LEDs.o
 .group         0x00000000        0x8 LEDs.o
 .group         0x00000000        0x8 LEDs.o
 .text          0x00000000        0x0 LEDs.o
 .data          0x00000000        0x0 LEDs.o
 .bss           0x00000000        0x0 LEDs.o
 .debug_macro   0x00000000      0xa4e LEDs.o
 .debug_macro   0x00000000       0x10 LEDs.o
 .debug_macro   0x00000000      0x1c9 LEDs.o
 .debug_macro   0x00000000      0x2fc LEDs.o
 .debug_macro   0x00000000       0x9e LEDs.o
 .debug_macro   0x00000000     0x1410 LEDs.o
 .debug_macro   0x00000000      0x13a LEDs.o
 .debug_macro   0x00000000       0xbd LEDs.o
 .debug_macro   0x00000000       0x34 LEDs.o
 .debug_macro   0x00000000       0x18 LEDs.o
 .debug_macro   0x00000000       0x6c LEDs.o
 .group         0x00000000        0x8 main.o
 .group         0x00000000        0x8 main.o
 .group         0x00000000        0x8 main.o
 .group         0x00000000        0x8 main.o
 .group         0x00000000        0x8 main.o
 .group         0x00000000        0x8 main.o
 .group         0x00000000        0x8 main.o
 .group         0x00000000        0x8 main.o
 .group         0x00000000        0x8 main.o
 .group         0x00000000        0x8 main.o
 .group         0x00000000        0x8 main.o
 .group         0x00000000        0x8 main.o
 .group         0x00000000        0x8 main.o
 .group         0x00000000        0x8 main.o
 .group         0x00000000        0x8 main.o
 .group         0x00000000        0x8 main.o
 .group         0x00000000        0x8 main.o
 .text          0x00000000        0x0 main.o
 .data          0x00000000        0x0 main.o
 .bss           0x00000000        0x0 main.o
 .bss.PWM_state
                0x00000000        0x1 main.o
 .debug_macro   0x00000000      0xa4e main.o
 .debug_macro   0x00000000       0x10 main.o
 .debug_macro   0x00000000      0x1c9 main.o
 .debug_macro   0x00000000      0x2fc main.o
 .debug_macro   0x00000000       0x9e main.o
 .debug_macro   0x00000000     0x1410 main.o
 .debug_macro   0x00000000      0x13a main.o
 .debug_macro   0x00000000       0xbd main.o
 .debug_macro   0x00000000       0x34 main.o
 .debug_macro   0x00000000       0x18 main.o
 .debug_macro   0x00000000       0x6c main.o
 .group         0x00000000        0x8 PowerSaving.o
 .group         0x00000000        0x8 PowerSaving.o
 .group         0x00000000        0x8 PowerSaving.o
 .group         0x00000000        0x8 PowerSaving.o
 .group         0x00000000        0x8 PowerSaving.o
 .group         0x00000000        0x8 PowerSaving.o
 .group         0x00000000        0x8 PowerSaving.o
 .group         0x00000000        0x8 PowerSaving.o
 .group         0x00000000        0x8 PowerSaving.o
 .group         0x00000000        0x8 PowerSaving.o
 .group         0x00000000        0x8 PowerSaving.o
 .group         0x00000000        0x8 PowerSaving.o
 .group         0x00000000        0x8 PowerSaving.o
 .group         0x00000000        0x8 PowerSaving.o
 .text          0x00000000        0x0 PowerSaving.o
 .data          0x00000000        0x0 PowerSaving.o
 .bss           0x00000000        0x0 PowerSaving.o
 .debug_macro   0x00000000      0xa4e PowerSaving.o
 .debug_macro   0x00000000       0x10 PowerSaving.o
 .debug_macro   0x00000000      0x1c9 PowerSaving.o
 .debug_macro   0x00000000      0x2fc PowerSaving.o
 .debug_macro   0x00000000       0x9e PowerSaving.o
 .debug_macro   0x00000000     0x1410 PowerSaving.o
 .debug_macro   0x00000000      0x13a PowerSaving.o
 .debug_macro   0x00000000       0xbd PowerSaving.o
 .debug_macro   0x00000000       0x34 PowerSaving.o
 .debug_macro   0x00000000       0x18 PowerSaving.o
 .debug_macro   0x00000000       0x6c PowerSaving.o
 .debug_macro   0x00000000       0x49 PowerSaving.o
 .debug_macro   0x00000000       0x69 PowerSaving.o
 .debug_macro   0x00000000       0x22 PowerSaving.o
 .group         0x00000000        0x8 PWM.o
 .group         0x00000000        0x8 PWM.o
 .group         0x00000000        0x8 PWM.o
 .group         0x00000000        0x8 PWM.o
 .group         0x00000000        0x8 PWM.o
 .group         0x00000000        0x8 PWM.o
 .group         0x00000000        0x8 PWM.o
 .group         0x00000000        0x8 PWM.o
 .group         0x00000000        0x8 PWM.o
 .group         0x00000000        0x8 PWM.o
 .group         0x00000000        0x8 PWM.o
 .group         0x00000000        0x8 PWM.o
 .text          0x00000000        0x0 PWM.o
 .data          0x00000000        0x0 PWM.o
 .bss           0x00000000        0x0 PWM.o
 .debug_macro   0x00000000      0xa4e PWM.o
 .debug_macro   0x00000000       0x10 PWM.o
 .debug_macro   0x00000000      0x1c9 PWM.o
 .debug_macro   0x00000000      0x2fc PWM.o
 .debug_macro   0x00000000       0x9e PWM.o
 .debug_macro   0x00000000     0x1410 PWM.o
 .debug_macro   0x00000000      0x13a PWM.o
 .debug_macro   0x00000000       0xbd PWM.o
 .debug_macro   0x00000000       0x34 PWM.o
 .debug_macro   0x00000000       0x18 PWM.o
 .debug_macro   0x00000000       0x6c PWM.o
 .group         0x00000000        0x8 TaskMgr.o
 .group         0x00000000        0x8 TaskMgr.o
 .group         0x00000000        0x8 TaskMgr.o
 .group         0x00000000        0x8 TaskMgr.o
 .group         0x00000000        0x8 TaskMgr.o
 .group         0x00000000        0x8 TaskMgr.o
 .group         0x00000000        0x8 TaskMgr.o
 .group         0x00000000        0x8 TaskMgr.o
 .group         0x00000000        0x8 TaskMgr.o
 .group         0x00000000        0x8 TaskMgr.o
 .group         0x00000000        0x8 TaskMgr.o
 .group         0x00000000        0x8 TaskMgr.o
 .group         0x00000000        0x8 TaskMgr.o
 .text          0x00000000        0x0 TaskMgr.o
 .data          0x00000000        0x0 TaskMgr.o
 .bss           0x00000000        0x0 TaskMgr.o
 .debug_macro   0x00000000      0xa4e TaskMgr.o
 .debug_macro   0x00000000       0x10 TaskMgr.o
 .debug_macro   0x00000000      0x1c9 TaskMgr.o
 .debug_macro   0x00000000      0x2fc TaskMgr.o
 .debug_macro   0x00000000       0x9e TaskMgr.o
 .debug_macro   0x00000000     0x1410 TaskMgr.o
 .debug_macro   0x00000000      0x13a TaskMgr.o
 .debug_macro   0x00000000       0xbd TaskMgr.o
 .debug_macro   0x00000000       0x34 TaskMgr.o
 .debug_macro   0x00000000       0x18 TaskMgr.o
 .debug_macro   0x00000000       0x6c TaskMgr.o
 .debug_macro   0x00000000       0x69 TaskMgr.o
 .group         0x00000000        0x8 Tasks.o
 .group         0x00000000        0x8 Tasks.o
 .group         0x00000000        0x8 Tasks.o
 .group         0x00000000        0x8 Tasks.o
 .group         0x00000000        0x8 Tasks.o
 .group         0x00000000        0x8 Tasks.o
 .group         0x00000000        0x8 Tasks.o
 .group         0x00000000        0x8 Tasks.o
 .group         0x00000000        0x8 Tasks.o
 .group         0x00000000        0x8 Tasks.o
 .group         0x00000000        0x8 Tasks.o
 .group         0x00000000        0x8 Tasks.o
 .group         0x00000000        0x8 Tasks.o
 .group         0x00000000        0x8 Tasks.o
 .group         0x00000000        0x8 Tasks.o
 .group         0x00000000        0x8 Tasks.o
 .text          0x00000000        0x0 Tasks.o
 .data          0x00000000        0x0 Tasks.o
 .bss           0x00000000        0x0 Tasks.o
 .bss.PWM_state
                0x00000000        0x1 Tasks.o
 .text.abs      0x00000000       0x30 Tasks.o
 .debug_macro   0x00000000      0xa4e Tasks.o
 .debug_macro   0x00000000       0x10 Tasks.o
 .debug_macro   0x00000000      0x1c9 Tasks.o
 .debug_macro   0x00000000      0x2fc Tasks.o
 .debug_macro   0x00000000       0x9e Tasks.o
 .debug_macro   0x00000000     0x1410 Tasks.o
 .debug_macro   0x00000000      0x13a Tasks.o
 .debug_macro   0x00000000       0xbd Tasks.o
 .debug_macro   0x00000000       0x34 Tasks.o
 .debug_macro   0x00000000       0x18 Tasks.o
 .debug_macro   0x00000000       0x6c Tasks.o
 .debug_macro   0x00000000       0x69 Tasks.o
 .debug_macro   0x00000000       0x22 Tasks.o
 .debug_macro   0x00000000       0x22 Tasks.o
 .debug_macro   0x00000000       0x49 Tasks.o
 .group         0x00000000        0x8 USART.o
 .group         0x00000000        0x8 USART.o
 .group         0x00000000        0x8 USART.o
 .group         0x00000000        0x8 USART.o
 .group         0x00000000        0x8 USART.o
 .group         0x00000000        0x8 USART.o
 .group         0x00000000        0x8 USART.o
 .group         0x00000000        0x8 USART.o
 .group         0x00000000        0x8 USART.o
 .group         0x00000000        0x8 USART.o
 .group         0x00000000        0x8 USART.o
 .group         0x00000000        0x8 USART.o
 .group         0x00000000        0x8 USART.o
 .text          0x00000000        0x0 USART.o
 .data          0x00000000        0x0 USART.o
 .bss           0x00000000        0x0 USART.o
 .debug_macro   0x00000000      0xa4e USART.o
 .debug_macro   0x00000000       0x10 USART.o
 .debug_macro   0x00000000      0x1c9 USART.o
 .debug_macro   0x00000000      0x2fc USART.o
 .debug_macro   0x00000000       0x9e USART.o
 .debug_macro   0x00000000     0x1410 USART.o
 .debug_macro   0x00000000      0x13a USART.o
 .debug_macro   0x00000000       0xbd USART.o
 .debug_macro   0x00000000       0x34 USART.o
 .debug_macro   0x00000000       0x18 USART.o
 .debug_macro   0x00000000       0x6c USART.o
 .debug_macro   0x00000000       0x69 USART.o
 .debug_macro   0x00000000       0x16 USART.o
 .text          0x00000000        0x0 c:/program files (x86)/atmel/studio/7.0/toolchain/avr8/avr8-gnu-toolchain/bin/../lib/gcc/avr/5.4.0/../../../../avr/lib/avr5\libm.a(divsf3.o)
 .data          0x00000000        0x0 c:/program files (x86)/atmel/studio/7.0/toolchain/avr8/avr8-gnu-toolchain/bin/../lib/gcc/avr/5.4.0/../../../../avr/lib/avr5\libm.a(divsf3.o)
 .bss           0x00000000        0x0 c:/program files (x86)/atmel/studio/7.0/toolchain/avr8/avr8-gnu-toolchain/bin/../lib/gcc/avr/5.4.0/../../../../avr/lib/avr5\libm.a(divsf3.o)
 .text          0x00000000        0x0 c:/program files (x86)/atmel/studio/7.0/toolchain/avr8/avr8-gnu-toolchain/bin/../lib/gcc/avr/5.4.0/../../../../avr/lib/avr5\libm.a(divsf3x.o)
 .data          0x00000000        0x0 c:/program files (x86)/atmel/studio/7.0/toolchain/avr8/avr8-gnu-toolchain/bin/../lib/gcc/avr/5.4.0/../../../../avr/lib/avr5\libm.a(divsf3x.o)
 .bss           0x00000000        0x0 c:/program files (x86)/atmel/studio/7.0/toolchain/avr8/avr8-gnu-toolchain/bin/../lib/gcc/avr/5.4.0/../../../../avr/lib/avr5\libm.a(divsf3x.o)
 .text          0x00000000        0x0 c:/program files (x86)/atmel/studio/7.0/toolchain/avr8/avr8-gnu-toolchain/bin/../lib/gcc/avr/5.4.0/../../../../avr/lib/avr5\libm.a(fixunssfsi.o)
 .data          0x00000000        0x0 c:/program files (x86)/atmel/studio/7.0/toolchain/avr8/avr8-gnu-toolchain/bin/../lib/gcc/avr/5.4.0/../../../../avr/lib/avr5\libm.a(fixunssfsi.o)
 .bss           0x00000000        0x0 c:/program files (x86)/atmel/studio/7.0/toolchain/avr8/avr8-gnu-toolchain/bin/../lib/gcc/avr/5.4.0/../../../../avr/lib/avr5\libm.a(fixunssfsi.o)
 .text          0x00000000        0x0 c:/program files (x86)/atmel/studio/7.0/toolchain/avr8/avr8-gnu-toolchain/bin/../lib/gcc/avr/5.4.0/../../../../avr/lib/avr5\libm.a(floatsisf.o)
 .data          0x00000000        0x0 c:/program files (x86)/atmel/studio/7.0/toolchain/avr8/avr8-gnu-toolchain/bin/../lib/gcc/avr/5.4.0/../../../../avr/lib/avr5\libm.a(floatsisf.o)
 .bss           0x00000000        0x0 c:/program files (x86)/atmel/studio/7.0/toolchain/avr8/avr8-gnu-toolchain/bin/../lib/gcc/avr/5.4.0/../../../../avr/lib/avr5\libm.a(floatsisf.o)
 .text          0x00000000        0x0 c:/program files (x86)/atmel/studio/7.0/toolchain/avr8/avr8-gnu-toolchain/bin/../lib/gcc/avr/5.4.0/../../../../avr/lib/avr5\libm.a(fp_inf.o)
 .data          0x00000000        0x0 c:/program files (x86)/atmel/studio/7.0/toolchain/avr8/avr8-gnu-toolchain/bin/../lib/gcc/avr/5.4.0/../../../../avr/lib/avr5\libm.a(fp_inf.o)
 .bss           0x00000000        0x0 c:/program files (x86)/atmel/studio/7.0/toolchain/avr8/avr8-gnu-toolchain/bin/../lib/gcc/avr/5.4.0/../../../../avr/lib/avr5\libm.a(fp_inf.o)
 .text          0x00000000        0x0 c:/program files (x86)/atmel/studio/7.0/toolchain/avr8/avr8-gnu-toolchain/bin/../lib/gcc/avr/5.4.0/../../../../avr/lib/avr5\libm.a(fp_nan.o)
 .data          0x00000000        0x0 c:/program files (x86)/atmel/studio/7.0/toolchain/avr8/avr8-gnu-toolchain/bin/../lib/gcc/avr/5.4.0/../../../../avr/lib/avr5\libm.a(fp_nan.o)
 .bss           0x00000000        0x0 c:/program files (x86)/atmel/studio/7.0/toolchain/avr8/avr8-gnu-toolchain/bin/../lib/gcc/avr/5.4.0/../../../../avr/lib/avr5\libm.a(fp_nan.o)
 .text          0x00000000        0x0 c:/program files (x86)/atmel/studio/7.0/toolchain/avr8/avr8-gnu-toolchain/bin/../lib/gcc/avr/5.4.0/../../../../avr/lib/avr5\libm.a(fp_pscA.o)
 .data          0x00000000        0x0 c:/program files (x86)/atmel/studio/7.0/toolchain/avr8/avr8-gnu-toolchain/bin/../lib/gcc/avr/5.4.0/../../../../avr/lib/avr5\libm.a(fp_pscA.o)
 .bss           0x00000000        0x0 c:/program files (x86)/atmel/studio/7.0/toolchain/avr8/avr8-gnu-toolchain/bin/../lib/gcc/avr/5.4.0/../../../../avr/lib/avr5\libm.a(fp_pscA.o)
 .text          0x00000000        0x0 c:/program files (x86)/atmel/studio/7.0/toolchain/avr8/avr8-gnu-toolchain/bin/../lib/gcc/avr/5.4.0/../../../../avr/lib/avr5\libm.a(fp_pscB.o)
 .data          0x00000000        0x0 c:/program files (x86)/atmel/studio/7.0/toolchain/avr8/avr8-gnu-toolchain/bin/../lib/gcc/avr/5.4.0/../../../../avr/lib/avr5\libm.a(fp_pscB.o)
 .bss           0x00000000        0x0 c:/program files (x86)/atmel/studio/7.0/toolchain/avr8/avr8-gnu-toolchain/bin/../lib/gcc/avr/5.4.0/../../../../avr/lib/avr5\libm.a(fp_pscB.o)
 .text          0x00000000        0x0 c:/program files (x86)/atmel/studio/7.0/toolchain/avr8/avr8-gnu-toolchain/bin/../lib/gcc/avr/5.4.0/../../../../avr/lib/avr5\libm.a(fp_round.o)
 .data          0x00000000        0x0 c:/program files (x86)/atmel/studio/7.0/toolchain/avr8/avr8-gnu-toolchain/bin/../lib/gcc/avr/5.4.0/../../../../avr/lib/avr5\libm.a(fp_round.o)
 .bss           0x00000000        0x0 c:/program files (x86)/atmel/studio/7.0/toolchain/avr8/avr8-gnu-toolchain/bin/../lib/gcc/avr/5.4.0/../../../../avr/lib/avr5\libm.a(fp_round.o)
 .text          0x00000000        0x0 c:/program files (x86)/atmel/studio/7.0/toolchain/avr8/avr8-gnu-toolchain/bin/../lib/gcc/avr/5.4.0/../../../../avr/lib/avr5\libm.a(fp_split3.o)
 .data          0x00000000        0x0 c:/program files (x86)/atmel/studio/7.0/toolchain/avr8/avr8-gnu-toolchain/bin/../lib/gcc/avr/5.4.0/../../../../avr/lib/avr5\libm.a(fp_split3.o)
 .bss           0x00000000        0x0 c:/program files (x86)/atmel/studio/7.0/toolchain/avr8/avr8-gnu-toolchain/bin/../lib/gcc/avr/5.4.0/../../../../avr/lib/avr5\libm.a(fp_split3.o)
 .text          0x00000000        0x0 c:/program files (x86)/atmel/studio/7.0/toolchain/avr8/avr8-gnu-toolchain/bin/../lib/gcc/avr/5.4.0/../../../../avr/lib/avr5\libm.a(fp_zero.o)
 .data          0x00000000        0x0 c:/program files (x86)/atmel/studio/7.0/toolchain/avr8/avr8-gnu-toolchain/bin/../lib/gcc/avr/5.4.0/../../../../avr/lib/avr5\libm.a(fp_zero.o)
 .bss           0x00000000        0x0 c:/program files (x86)/atmel/studio/7.0/toolchain/avr8/avr8-gnu-toolchain/bin/../lib/gcc/avr/5.4.0/../../../../avr/lib/avr5\libm.a(fp_zero.o)
 .text          0x00000000        0x0 c:/program files (x86)/atmel/studio/7.0/toolchain/avr8/avr8-gnu-toolchain/bin/../lib/gcc/avr/5.4.0/../../../../avr/lib/avr5\libm.a(mulsf3.o)
 .data          0x00000000        0x0 c:/program files (x86)/atmel/studio/7.0/toolchain/avr8/avr8-gnu-toolchain/bin/../lib/gcc/avr/5.4.0/../../../../avr/lib/avr5\libm.a(mulsf3.o)
 .bss           0x00000000        0x0 c:/program files (x86)/atmel/studio/7.0/toolchain/avr8/avr8-gnu-toolchain/bin/../lib/gcc/avr/5.4.0/../../../../avr/lib/avr5\libm.a(mulsf3.o)
 .text          0x00000000        0x0 c:/program files (x86)/atmel/studio/7.0/toolchain/avr8/avr8-gnu-toolchain/bin/../lib/gcc/avr/5.4.0/../../../../avr/lib/avr5\libm.a(mulsf3x.o)
 .data          0x00000000        0x0 c:/program files (x86)/atmel/studio/7.0/toolchain/avr8/avr8-gnu-toolchain/bin/../lib/gcc/avr/5.4.0/../../../../avr/lib/avr5\libm.a(mulsf3x.o)
 .bss           0x00000000        0x0 c:/program files (x86)/atmel/studio/7.0/toolchain/avr8/avr8-gnu-toolchain/bin/../lib/gcc/avr/5.4.0/../../../../avr/lib/avr5\libm.a(mulsf3x.o)
 .text          0x00000000        0x0 c:/program files (x86)/atmel/studio/7.0/toolchain/avr8/avr8-gnu-toolchain/bin/../lib/gcc/avr/5.4.0/avr5\libgcc.a(_exit.o)
 .data          0x00000000        0x0 c:/program files (x86)/atmel/studio/7.0/toolchain/avr8/avr8-gnu-toolchain/bin/../lib/gcc/avr/5.4.0/avr5\libgcc.a(_exit.o)
 .bss           0x00000000        0x0 c:/program files (x86)/atmel/studio/7.0/toolchain/avr8/avr8-gnu-toolchain/bin/../lib/gcc/avr/5.4.0/avr5\libgcc.a(_exit.o)
 .text.libgcc.mul
                0x00000000        0x0 c:/program files (x86)/atmel/studio/7.0/toolchain/avr8/avr8-gnu-toolchain/bin/../lib/gcc/avr/5.4.0/avr5\libgcc.a(_exit.o)
 .text.libgcc.div
                0x00000000        0x0 c:/program files (x86)/atmel/studio/7.0/toolchain/avr8/avr8-gnu-toolchain/bin/../lib/gcc/avr/5.4.0/avr5\libgcc.a(_exit.o)
 .text.libgcc   0x00000000        0x0 c:/program files (x86)/atmel/studio/7.0/toolchain/avr8/avr8-gnu-toolchain/bin/../lib/gcc/avr/5.4.0/avr5\libgcc.a(_exit.o)
 .text.libgcc.prologue
                0x00000000        0x0 c:/program files (x86)/atmel/studio/7.0/toolchain/avr8/avr8-gnu-toolchain/bin/../lib/gcc/avr/5.4.0/avr5\libgcc.a(_exit.o)
 .text.libgcc.builtins
                0x00000000        0x0 c:/program files (x86)/atmel/studio/7.0/toolchain/avr8/avr8-gnu-toolchain/bin/../lib/gcc/avr/5.4.0/avr5\libgcc.a(_exit.o)
 .text.libgcc.fmul
                0x00000000        0x0 c:/program files (x86)/atmel/studio/7.0/toolchain/avr8/avr8-gnu-toolchain/bin/../lib/gcc/avr/5.4.0/avr5\libgcc.a(_exit.o)
 .text.libgcc.fixed
                0x00000000        0x0 c:/program files (x86)/atmel/studio/7.0/toolchain/avr8/avr8-gnu-toolchain/bin/../lib/gcc/avr/5.4.0/avr5\libgcc.a(_exit.o)
 .text          0x00000000        0x0 c:/program files (x86)/atmel/studio/7.0/toolchain/avr8/avr8-gnu-toolchain/bin/../lib/gcc/avr/5.4.0/avr5\libgcc.a(_clear_bss.o)
 .data          0x00000000        0x0 c:/program files (x86)/atmel/studio/7.0/toolchain/avr8/avr8-gnu-toolchain/bin/../lib/gcc/avr/5.4.0/avr5\libgcc.a(_clear_bss.o)
 .bss           0x00000000        0x0 c:/program files (x86)/atmel/studio/7.0/toolchain/avr8/avr8-gnu-toolchain/bin/../lib/gcc/avr/5.4.0/avr5\libgcc.a(_clear_bss.o)
 .text.libgcc.mul
                0x00000000        0x0 c:/program files (x86)/atmel/studio/7.0/toolchain/avr8/avr8-gnu-toolchain/bin/../lib/gcc/avr/5.4.0/avr5\libgcc.a(_clear_bss.o)
 .text.libgcc.div
                0x00000000        0x0 c:/program files (x86)/atmel/studio/7.0/toolchain/avr8/avr8-gnu-toolchain/bin/../lib/gcc/avr/5.4.0/avr5\libgcc.a(_clear_bss.o)
 .text.libgcc   0x00000000        0x0 c:/program files (x86)/atmel/studio/7.0/toolchain/avr8/avr8-gnu-toolchain/bin/../lib/gcc/avr/5.4.0/avr5\libgcc.a(_clear_bss.o)
 .text.libgcc.prologue
                0x00000000        0x0 c:/program files (x86)/atmel/studio/7.0/toolchain/avr8/avr8-gnu-toolchain/bin/../lib/gcc/avr/5.4.0/avr5\libgcc.a(_clear_bss.o)
 .text.libgcc.builtins
                0x00000000        0x0 c:/program files (x86)/atmel/studio/7.0/toolchain/avr8/avr8-gnu-toolchain/bin/../lib/gcc/avr/5.4.0/avr5\libgcc.a(_clear_bss.o)
 .text.libgcc.fmul
                0x00000000        0x0 c:/program files (x86)/atmel/studio/7.0/toolchain/avr8/avr8-gnu-toolchain/bin/../lib/gcc/avr/5.4.0/avr5\libgcc.a(_clear_bss.o)
 .text.libgcc.fixed
                0x00000000        0x0 c:/program files (x86)/atmel/studio/7.0/toolchain/avr8/avr8-gnu-toolchain/bin/../lib/gcc/avr/5.4.0/avr5\libgcc.a(_clear_bss.o)
 .text          0x00000000        0x0 c:/program files (x86)/atmel/studio/7.0/toolchain/avr8/avr8-gnu-toolchain/bin/../lib/gcc/avr/5.4.0/avr5\libgcc.a(_umulhisi3.o)
 .data          0x00000000        0x0 c:/program files (x86)/atmel/studio/7.0/toolchain/avr8/avr8-gnu-toolchain/bin/../lib/gcc/avr/5.4.0/avr5\libgcc.a(_umulhisi3.o)
 .bss           0x00000000        0x0 c:/program files (x86)/atmel/studio/7.0/toolchain/avr8/avr8-gnu-toolchain/bin/../lib/gcc/avr/5.4.0/avr5\libgcc.a(_umulhisi3.o)
 .text.libgcc.div
                0x00000000        0x0 c:/program files (x86)/atmel/studio/7.0/toolchain/avr8/avr8-gnu-toolchain/bin/../lib/gcc/avr/5.4.0/avr5\libgcc.a(_umulhisi3.o)
 .text.libgcc   0x00000000        0x0 c:/program files (x86)/atmel/studio/7.0/toolchain/avr8/avr8-gnu-toolchain/bin/../lib/gcc/avr/5.4.0/avr5\libgcc.a(_umulhisi3.o)
 .text.libgcc.prologue
                0x00000000        0x0 c:/program files (x86)/atmel/studio/7.0/toolchain/avr8/avr8-gnu-toolchain/bin/../lib/gcc/avr/5.4.0/avr5\libgcc.a(_umulhisi3.o)
 .text.libgcc.builtins
                0x00000000        0x0 c:/program files (x86)/atmel/studio/7.0/toolchain/avr8/avr8-gnu-toolchain/bin/../lib/gcc/avr/5.4.0/avr5\libgcc.a(_umulhisi3.o)
 .text.libgcc.fmul
                0x00000000        0x0 c:/program files (x86)/atmel/studio/7.0/toolchain/avr8/avr8-gnu-toolchain/bin/../lib/gcc/avr/5.4.0/avr5\libgcc.a(_umulhisi3.o)
 .text.libgcc.fixed
                0x00000000        0x0 c:/program files (x86)/atmel/studio/7.0/toolchain/avr8/avr8-gnu-toolchain/bin/../lib/gcc/avr/5.4.0/avr5\libgcc.a(_umulhisi3.o)

Memory Configuration

Name             Origin             Length             Attributes
text             0x00000000         0x00020000         xr
data             0x00800060         0x0000ffa0         rw !x
eeprom           0x00810000         0x00010000         rw !x
fuse             0x00820000         0x00000003         rw !x
lock             0x00830000         0x00000400         rw !x
signature        0x00840000         0x00000400         rw !x
user_signatures  0x00850000         0x00000400         rw !x
*default*        0x00000000         0xffffffff

Linker script and memory map

Address of section .data set to 0x800100
LOAD C:/Program Files (x86)/Atmel/Studio/7.0/Packs/atmel/ATmega_DFP/1.2.209/gcc/dev/atmega328p/avr5/crtatmega328p.o
LOAD ADC.o
LOAD LEDs.o
LOAD main.o
LOAD PowerSaving.o
LOAD PWM.o
LOAD TaskMgr.o
LOAD Tasks.o
LOAD USART.o
START GROUP
LOAD c:/program files (x86)/atmel/studio/7.0/toolchain/avr8/avr8-gnu-toolchain/bin/../lib/gcc/avr/5.4.0/../../../../avr/lib/avr5\libm.a
END GROUP
START GROUP
LOAD c:/program files (x86)/atmel/studio/7.0/toolchain/avr8/avr8-gnu-toolchain/bin/../lib/gcc/avr/5.4.0/avr5\libgcc.a
LOAD c:/program files (x86)/atmel/studio/7.0/toolchain/avr8/avr8-gnu-toolchain/bin/../lib/gcc/avr/5.4.0/../../../../avr/lib/avr5\libm.a
LOAD c:/program files (x86)/atmel/studio/7.0/toolchain/avr8/avr8-gnu-toolchain/bin/../lib/gcc/avr/5.4.0/../../../../avr/lib/avr5\libc.a
LOAD C:/Program Files (x86)/Atmel/Studio/7.0/Packs/atmel/ATmega_DFP/1.2.209/gcc/dev/atmega328p/avr5\libatmega328p.a
END GROUP
                0x00020000                __TEXT_REGION_LENGTH__ = DEFINED (__TEXT_REGION_LENGTH__)?__TEXT_REGION_LENGTH__:0x20000
                0x0000ffa0                __DATA_REGION_LENGTH__ = DEFINED (__DATA_REGION_LENGTH__)?__DATA_REGION_LENGTH__:0xffa0
                0x00010000                __EEPROM_REGION_LENGTH__ = DEFINED (__EEPROM_REGION_LENGTH__)?__EEPROM_REGION_LENGTH__:0x10000
                [0x00000003]                __FUSE_REGION_LENGTH__ = DEFINED (__FUSE_REGION_LENGTH__)?__FUSE_REGION_LENGTH__:0x400
                0x00000400                __LOCK_REGION_LENGTH__ = DEFINED (__LOCK_REGION_LENGTH__)?__LOCK_REGION_LENGTH__:0x400
                0x00000400                __SIGNATURE_REGION_LENGTH__ = DEFINED (__SIGNATURE_REGION_LENGTH__)?__SIGNATURE_REGION_LENGTH__:0x400
                0x00000400                __USER_SIGNATURE_REGION_LENGTH__ = DEFINED (__USER_SIGNATURE_REGION_LENGTH__)?__USER_SIGNATURE_REGION_LENGTH__:0x400

.hash
 *(.hash)

.dynsym
 *(.dynsym)

.dynstr
 *(.dynstr)

.gnu.version
 *(.gnu.version)

.gnu.version_d
 *(.gnu.version_d)

.gnu.version_r
 *(.gnu.version_r)

.rel.init
 *(.rel.init)

.rela.init
 *(.rela.init)

.rel.text
 *(.rel.text)
 *(.rel.text.*)
 *(.rel.gnu.linkonce.t*)

.rela.text
 *(.rela.text)
 *(.rela.text.*)
 *(.rela.gnu.linkonce.t*)

.rel.fini
 *(.rel.fini)

.rela.fini
 *(.rela.fini)

.rel.rodata
 *(.rel.rodata)
 *(.rel.rodata.*)
 *(.rel.gnu.linkonce.r*)

.rela.rodata
 *(.rela.rodata)
 *(.rela.rodata.*)
 *(.rela.gnu.linkonce.r*)

.rel.data
 *(.rel.data)
 *(.rel.data.*)
 *(.rel.gnu.linkonce.d*)

.rela.data
 *(.rela.data)
 *(.rela.data.*)
 *(.rela.gnu.linkonce.d*)

.rel.ctors
 *(.rel.ctors)

.rela.ctors
 *(.rela.ctors)

.rel.dtors
 *(.rel.dtors)

.rela.dtors
 *(.rela.dtors)

.rel.got
 *(.rel.got)

.rela.got
 *(.rela.got)

.rel.bss
 *(.rel.bss)

.rela.bss
 *(.rela.bss)

.rel.plt
 *(.rel.plt)

.rela.plt
 *(.rela.plt)

.text           0x00000000     0x104c
 *(.vectors)
 .vectors       0x00000000       0x68 C:/Program Files (x86)/Atmel/Studio/7.0/Packs/atmel/ATmega_DFP/1.2.209/gcc/dev/atmega328p/avr5/crtatmega328p.o
                0x00000000                __vector_default
                0x00000000                __vectors
 *(.vectors)
 *(.progmem.gcc*)
                0x00000068                . = ALIGN (0x2)
                0x00000068                __trampolines_start = .
 *(.trampolines)
 .trampolines   0x00000068        0x0 linker stubs
 *(.trampolines*)
                0x00000068                __trampolines_end = .
 *libprintf_flt.a:*(.progmem.data)
 *libc.a:*(.progmem.data)
 *(.progmem*)
                0x00000068                . = ALIGN (0x2)
 *(.jumptables)
 *(.jumptables*)
 *(.lowtext)
 *(.lowtext*)
                0x00000068                __ctors_start = .
 *(.ctors)
                0x00000068                __ctors_end = .
                0x00000068                __dtors_start = .
 *(.dtors)
                0x00000068                __dtors_end = .
 SORT(*)(.ctors)
 SORT(*)(.dtors)
 *(.init0)
 .init0         0x00000068        0x0 C:/Program Files (x86)/Atmel/Studio/7.0/Packs/atmel/ATmega_DFP/1.2.209/gcc/dev/atmega328p/avr5/crtatmega328p.o
                0x00000068                __init
 *(.init0)
 *(.init1)
 *(.init1)
 *(.init2)
 .init2         0x00000068        0xc C:/Program Files (x86)/Atmel/Studio/7.0/Packs/atmel/ATmega_DFP/1.2.209/gcc/dev/atmega328p/avr5/crtatmega328p.o
 *(.init2)
 *(.init3)
 *(.init3)
 *(.init4)
 .init4         0x00000074       0x10 c:/program files (x86)/atmel/studio/7.0/toolchain/avr8/avr8-gnu-toolchain/bin/../lib/gcc/avr/5.4.0/avr5\libgcc.a(_clear_bss.o)
                0x00000074                __do_clear_bss
 *(.init4)
 *(.init5)
 *(.init5)
 *(.init6)
 *(.init6)
 *(.init7)
 *(.init7)
 *(.init8)
 *(.init8)
 *(.init9)
 .init9         0x00000084        0x8 C:/Program Files (x86)/Atmel/Studio/7.0/Packs/atmel/ATmega_DFP/1.2.209/gcc/dev/atmega328p/avr5/crtatmega328p.o
 *(.init9)
 *(.text)
 .text          0x0000008c        0x4 C:/Program Files (x86)/Atmel/Studio/7.0/Packs/atmel/ATmega_DFP/1.2.209/gcc/dev/atmega328p/avr5/crtatmega328p.o
                0x0000008c                __vector_22
                0x0000008c                __vector_1
                0x0000008c                __vector_24
                0x0000008c                __vector_12
                0x0000008c                __bad_interrupt
                0x0000008c                __vector_6
                0x0000008c                __vector_3
                0x0000008c                __vector_23
                0x0000008c                __vector_25
                0x0000008c                __vector_11
                0x0000008c                __vector_13
                0x0000008c                __vector_17
                0x0000008c                __vector_19
                0x0000008c                __vector_7
                0x0000008c                __vector_4
                0x0000008c                __vector_9
                0x0000008c                __vector_2
                0x0000008c                __vector_21
                0x0000008c                __vector_15
                0x0000008c                __vector_8
                0x0000008c                __vector_14
                0x0000008c                __vector_10
                0x0000008c                __vector_20
                0x00000090                . = ALIGN (0x2)
 *(.text.*)
 .text.ADC_init
                0x00000090       0x62 ADC.o
                0x00000090                ADC_init
 .text.ADC_read
                0x000000f2       0x8a ADC.o
                0x000000f2                ADC_read
 .text.ADC_tmpDisable
                0x0000017c       0x22 ADC.o
                0x0000017c                ADC_tmpDisable
 .text.ADC_reenable
                0x0000019e       0x22 ADC.o
                0x0000019e                ADC_reenable
 .text.LEDs_init
                0x000001c0       0x22 LEDs.o
                0x000001c0                LEDs_init
 .text.LEDs_turnOn
                0x000001e2       0x2a LEDs.o
                0x000001e2                LEDs_turnOn
 .text.LEDs_turnOff
                0x0000020c       0x2e LEDs.o
                0x0000020c                LEDs_turnOff
 .text.main     0x0000023a       0xca main.o
                0x0000023a                main
 .text.LocalRemoteSwitch_init
                0x00000304       0x22 main.o
                0x00000304                LocalRemoteSwitch_init
 .text.PowerSaving_init
                0x00000326       0x36 PowerSaving.o
                0x00000326                PowerSaving_init
 .text.PowerSaving_sleep
                0x0000035c       0x60 PowerSaving.o
                0x0000035c                PowerSaving_sleep
 .text.__vector_5
                0x000003bc       0x26 PowerSaving.o
                0x000003bc                __vector_5
 .text.PWM_init
                0x000003e2       0x96 PWM.o
                0x000003e2                PWM_init
 .text.PWM_setDutyCycle
                0x00000478       0x82 PWM.o
                0x00000478                PWM_setDutyCycle
 .text.PWM_start
                0x000004fa       0x4c PWM.o
                0x000004fa                PWM_start
 .text.PWM_stop
                0x00000546       0x4a PWM.o
                0x00000546                PWM_stop
 .text.TM_init_update
                0x00000590       0x36 TaskMgr.o
                0x00000590                TM_init_update
 .text.TM_init_tasks
                0x000005c6       0x4e TaskMgr.o
                0x000005c6                TM_init_tasks
 .text.TM_update
                0x00000614      0x16c TaskMgr.o
                0x00000614                TM_update
 .text.__vector_16
                0x00000780       0x7c TaskMgr.o
                0x00000780                __vector_16
 .text.TM_init  0x000007fc       0x24 TaskMgr.o
                0x000007fc                TM_init
 .text.TM_add_task
                0x00000820       0xbc TaskMgr.o
                0x00000820                TM_add_task
 .text.TM_dispatcher
                0x000008dc       0xdc TaskMgr.o
                0x000008dc                TM_dispatcher
 .text.Task_ReadOnOffSw
                0x000009b8       0x28 Tasks.o
                0x000009b8                Task_ReadOnOffSw
 .text.Task_ReadTargetTemp
                0x000009e0       0x74 Tasks.o
                0x000009e0                Task_ReadTargetTemp
 .text.Task_Heat
                0x00000a54       0xc4 Tasks.o
                0x00000a54                Task_Heat
 .text.Task_WriteLEDs
                0x00000b18       0x52 Tasks.o
                0x00000b18                Task_WriteLEDs
 .text.USART_init
                0x00000b6a       0x32 USART.o
                0x00000b6a                USART_init
 .text.USART_read
                0x00000b9c       0x12 USART.o
                0x00000b9c                USART_read
 .text.USART_send
                0x00000bae       0x36 USART.o
                0x00000bae                USART_send
 .text.__vector_18
                0x00000be4      0x10e USART.o
                0x00000be4                __vector_18
 .text.avr-libc.fplib
                0x00000cf2        0x8 c:/program files (x86)/atmel/studio/7.0/toolchain/avr8/avr8-gnu-toolchain/bin/../lib/gcc/avr/5.4.0/../../../../avr/lib/avr5\libm.a(divsf3.o)
                0x00000cf2                __divsf3
 .text.avr-libc.fplib
                0x00000cfa       0xdc c:/program files (x86)/atmel/studio/7.0/toolchain/avr8/avr8-gnu-toolchain/bin/../lib/gcc/avr/5.4.0/../../../../avr/lib/avr5\libm.a(divsf3x.o)
                0x00000d1a                __divsf3x
                0x00000d20                __divsf3_pse
 .text.avr-libc.fplib
                0x00000dd6       0x5e c:/program files (x86)/atmel/studio/7.0/toolchain/avr8/avr8-gnu-toolchain/bin/../lib/gcc/avr/5.4.0/../../../../avr/lib/avr5\libm.a(fixunssfsi.o)
                0x00000dd6                __fixunssfsi
 .text.avr-libc.fplib
                0x00000e34       0x7a c:/program files (x86)/atmel/studio/7.0/toolchain/avr8/avr8-gnu-toolchain/bin/../lib/gcc/avr/5.4.0/../../../../avr/lib/avr5\libm.a(floatsisf.o)
                0x00000e34                __floatunsisf
                0x00000e38                __floatsisf
 .text.avr-libc.fplib
                0x00000eae        0xc c:/program files (x86)/atmel/studio/7.0/toolchain/avr8/avr8-gnu-toolchain/bin/../lib/gcc/avr/5.4.0/../../../../avr/lib/avr5\libm.a(fp_inf.o)
                0x00000eae                __fp_inf
 .text.avr-libc.fplib
                0x00000eba        0x6 c:/program files (x86)/atmel/studio/7.0/toolchain/avr8/avr8-gnu-toolchain/bin/../lib/gcc/avr/5.4.0/../../../../avr/lib/avr5\libm.a(fp_nan.o)
                0x00000eba                __fp_nan
 .text.avr-libc.fplib
                0x00000ec0        0xe c:/program files (x86)/atmel/studio/7.0/toolchain/avr8/avr8-gnu-toolchain/bin/../lib/gcc/avr/5.4.0/../../../../avr/lib/avr5\libm.a(fp_pscA.o)
                0x00000ec0                __fp_pscA
 .text.avr-libc.fplib
                0x00000ece        0xe c:/program files (x86)/atmel/studio/7.0/toolchain/avr8/avr8-gnu-toolchain/bin/../lib/gcc/avr/5.4.0/../../../../avr/lib/avr5\libm.a(fp_pscB.o)
                0x00000ece                __fp_pscB
 .text.avr-libc.fplib
                0x00000edc       0x22 c:/program files (x86)/atmel/studio/7.0/toolchain/avr8/avr8-gnu-toolchain/bin/../lib/gcc/avr/5.4.0/../../../../avr/lib/avr5\libm.a(fp_round.o)
                0x00000edc                __fp_round
 .text.avr-libc.fplib
                0x00000efe       0x44 c:/program files (x86)/atmel/studio/7.0/toolchain/avr8/avr8-gnu-toolchain/bin/../lib/gcc/avr/5.4.0/../../../../avr/lib/avr5\libm.a(fp_split3.o)
                0x00000efe                __fp_split3
                0x00000f0e                __fp_splitA
 .text.avr-libc.fplib
                0x00000f42        0xe c:/program files (x86)/atmel/studio/7.0/toolchain/avr8/avr8-gnu-toolchain/bin/../lib/gcc/avr/5.4.0/../../../../avr/lib/avr5\libm.a(fp_zero.o)
                0x00000f42                __fp_zero
                0x00000f44                __fp_szero
 .text.avr-libc.fplib
                0x00000f50        0x8 c:/program files (x86)/atmel/studio/7.0/toolchain/avr8/avr8-gnu-toolchain/bin/../lib/gcc/avr/5.4.0/../../../../avr/lib/avr5\libm.a(mulsf3.o)
                0x00000f50                __mulsf3
 .text.avr-libc.fplib
                0x00000f58       0xd2 c:/program files (x86)/atmel/studio/7.0/toolchain/avr8/avr8-gnu-toolchain/bin/../lib/gcc/avr/5.4.0/../../../../avr/lib/avr5\libm.a(mulsf3x.o)
                0x00000f76                __mulsf3x
                0x00000f7c                __mulsf3_pse
 .text.libgcc.mul
                0x0000102a       0x1e c:/program files (x86)/atmel/studio/7.0/toolchain/avr8/avr8-gnu-toolchain/bin/../lib/gcc/avr/5.4.0/avr5\libgcc.a(_umulhisi3.o)
                0x0000102a                __umulhisi3
                0x00001048                . = ALIGN (0x2)
 *(.fini9)
 .fini9         0x00001048        0x0 c:/program files (x86)/atmel/studio/7.0/toolchain/avr8/avr8-gnu-toolchain/bin/../lib/gcc/avr/5.4.0/avr5\libgcc.a(_exit.o)
                0x00001048                _exit
                0x00001048                exit
 *(.fini9)
 *(.fini8)
 *(.fini8)
 *(.fini7)
 *(.fini7)
 *(.fini6)
 *(.fini6)
 *(.fini5)
 *(.fini5)
 *(.fini4)
 *(.fini4)
 *(.fini3)
 *(.fini3)
 *(.fini2)
 *(.fini2)
 *(.fini1)
 *(.fini1)
 *(.fini0)
 .fini0         0x00001048        0x4 c:/program files (x86)/atmel/studio/7.0/toolchain/avr8/avr8-gnu-toolchain/bin/../lib/gcc/avr/5.4.0/avr5\libgcc.a(_exit.o)
 *(.fini0)
                0x0000104c                _etext = .

.data           0x00800100        0x0 load address 0x0000104c
                [!provide]                PROVIDE (__data_start, .)
 *(.data)
 *(.data*)
 *(.gnu.linkonce.d*)
 *(.rodata)
 *(.rodata*)
 *(.gnu.linkonce.r*)
                0x00800100                . = ALIGN (0x2)
                0x00800100                _edata = .
                [!provide]                PROVIDE (__data_end, .)

.bss            0x00800100       0x38
                0x00800100                PROVIDE (__bss_start, .)
 *(.bss)
 *(.bss*)
 .bss.PWM_state
                0x00800100        0x1 PWM.o
 .bss.dataBuffer.1625
                0x00800101        0x2 USART.o
 *(COMMON)
 COMMON         0x00800103       0x30 main.o
                0x00800103                addTaskIndex
                0x00800104                Task_list
                0x0080012e                state_heating
                0x0080012f                overflows
                0x00800131                targetTemperature
 COMMON         0x00800133        0x4 Tasks.o
                0x00800133                dc
                0x00800135                currentTemperature
 COMMON         0x00800137        0x1 USART.o
                0x00800137                data
                0x00800138                PROVIDE (__bss_end, .)
                0x0000104c                __data_load_start = LOADADDR (.data)
                0x0000104c                __data_load_end = (__data_load_start + SIZEOF (.data))

.noinit         0x00800138        0x0
                [!provide]                PROVIDE (__noinit_start, .)
 *(.noinit*)
                [!provide]                PROVIDE (__noinit_end, .)
                0x00800138                _end = .
                [!provide]                PROVIDE (__heap_start, .)

.eeprom         0x00810000        0x0
 *(.eeprom*)
                0x00810000                __eeprom_end = .

.fuse
 *(.fuse)
 *(.lfuse)
 *(.hfuse)
 *(.efuse)

.lock
 *(.lock*)

.signature
 *(.signature*)

.user_signatures
 *(.user_signatures*)

.stab
 *(.stab)

.stabstr
 *(.stabstr)

.stab.excl
 *(.stab.excl)

.stab.exclstr
 *(.stab.exclstr)

.stab.index
 *(.stab.index)

.stab.indexstr
 *(.stab.indexstr)

.comment        0x00000000       0x30
 *(.comment)
 .comment       0x00000000       0x30 ADC.o
                                 0x31 (size before relaxing)
 .comment       0x00000030       0x31 LEDs.o
 .comment       0x00000030       0x31 main.o
 .comment       0x00000030       0x31 PowerSaving.o
 .comment       0x00000030       0x31 PWM.o
 .comment       0x00000030       0x31 TaskMgr.o
 .comment       0x00000030       0x31 Tasks.o
 .comment       0x00000030       0x31 USART.o

.note.gnu.avr.deviceinfo
                0x00000000       0x40
 .note.gnu.avr.deviceinfo
                0x00000000       0x40 C:/Program Files (x86)/Atmel/Studio/7.0/Packs/atmel/ATmega_DFP/1.2.209/gcc/dev/atmega328p/avr5/crtatmega328p.o

.note.gnu.build-id
 *(.note.gnu.build-id)

.debug
 *(.debug)

.line
 *(.line)

.debug_srcinfo
 *(.debug_srcinfo)

.debug_sfnames
 *(.debug_sfnames)

.debug_aranges  0x00000000      0x1c0
 *(.debug_aranges)
 .debug_aranges
                0x00000000       0x38 ADC.o
 .debug_aranges
                0x00000038       0x30 LEDs.o
 .debug_aranges
                0x00000068       0x28 main.o
 .debug_aranges
                0x00000090       0x30 PowerSaving.o
 .debug_aranges
                0x000000c0       0x38 PWM.o
 .debug_aranges
                0x000000f8       0x50 TaskMgr.o
 .debug_aranges
                0x00000148       0x40 Tasks.o
 .debug_aranges
                0x00000188       0x38 USART.o

.debug_pubnames
 *(.debug_pubnames)

.debug_info     0x00000000      0xf9a
 *(.debug_info .gnu.linkonce.wi.*)
 .debug_info    0x00000000      0x5f4 C:/Program Files (x86)/Atmel/Studio/7.0/Packs/atmel/ATmega_DFP/1.2.209/gcc/dev/atmega328p/avr5/crtatmega328p.o
 .debug_info    0x000005f4       0xf9 ADC.o
 .debug_info    0x000006ed       0xd5 LEDs.o
 .debug_info    0x000007c2      0x190 main.o
 .debug_info    0x00000952       0xb1 PowerSaving.o
 .debug_info    0x00000a03       0xf8 PWM.o
 .debug_info    0x00000afb      0x228 TaskMgr.o
 .debug_info    0x00000d23      0x158 Tasks.o
 .debug_info    0x00000e7b      0x11f USART.o

.debug_abbrev   0x00000000      0xb79
 *(.debug_abbrev)
 .debug_abbrev  0x00000000      0x5a2 C:/Program Files (x86)/Atmel/Studio/7.0/Packs/atmel/ATmega_DFP/1.2.209/gcc/dev/atmega328p/avr5/crtatmega328p.o
 .debug_abbrev  0x000005a2       0x9c ADC.o
 .debug_abbrev  0x0000063e       0x95 LEDs.o
 .debug_abbrev  0x000006d3       0xdb main.o
 .debug_abbrev  0x000007ae       0x80 PowerSaving.o
 .debug_abbrev  0x0000082e       0x8c PWM.o
 .debug_abbrev  0x000008ba      0x11e TaskMgr.o
 .debug_abbrev  0x000009d8       0xc1 Tasks.o
 .debug_abbrev  0x00000a99       0xe0 USART.o

.debug_line     0x00000000     0x1a48
 *(.debug_line .debug_line.* .debug_line_end)
 .debug_line    0x00000000      0x133 C:/Program Files (x86)/Atmel/Studio/7.0/Packs/atmel/ATmega_DFP/1.2.209/gcc/dev/atmega328p/avr5/crtatmega328p.o
 .debug_line    0x00000133      0x2d4 ADC.o
 .debug_line    0x00000407      0x272 LEDs.o
 .debug_line    0x00000679      0x361 main.o
 .debug_line    0x000009da      0x2e0 PowerSaving.o
 .debug_line    0x00000cba      0x305 PWM.o
 .debug_line    0x00000fbf      0x3ca TaskMgr.o
 .debug_line    0x00001389      0x38a Tasks.o
 .debug_line    0x00001713      0x335 USART.o

.debug_frame    0x00000000      0x534
 *(.debug_frame)
 .debug_frame   0x00000000       0x94 ADC.o
 .debug_frame   0x00000094       0x74 LEDs.o
 .debug_frame   0x00000108       0x54 main.o
 .debug_frame   0x0000015c       0x7c PowerSaving.o
 .debug_frame   0x000001d8       0x94 PWM.o
 .debug_frame   0x0000026c      0x138 TaskMgr.o
 .debug_frame   0x000003a4       0xb4 Tasks.o
 .debug_frame   0x00000458       0xdc USART.o

.debug_str      0x00000000     0x73e5
 *(.debug_str)
 .debug_str     0x00000000      0x208 C:/Program Files (x86)/Atmel/Studio/7.0/Packs/atmel/ATmega_DFP/1.2.209/gcc/dev/atmega328p/avr5/crtatmega328p.o
 .debug_str     0x00000208     0x6724 ADC.o
                               0x67cf (size before relaxing)
 .debug_str     0x0000692c       0xa6 LEDs.o
                               0x681a (size before relaxing)
 .debug_str     0x000069d2      0x886 main.o
                               0x7091 (size before relaxing)
 .debug_str     0x00007258       0x41 PowerSaving.o
                               0x6f44 (size before relaxing)
 .debug_str     0x00007299       0x40 PWM.o
                               0x6813 (size before relaxing)
 .debug_str     0x000072d9       0x64 TaskMgr.o
                               0x6bdb (size before relaxing)
 .debug_str     0x0000733d       0x5e Tasks.o
                               0x7047 (size before relaxing)
 .debug_str     0x0000739b       0x4a USART.o
                               0x6b7d (size before relaxing)

.debug_loc      0x00000000      0x975
 *(.debug_loc)
 .debug_loc     0x00000000       0xf9 ADC.o
 .debug_loc     0x000000f9       0xcb LEDs.o
 .debug_loc     0x000001c4       0x76 main.o
 .debug_loc     0x0000023a       0xcb PowerSaving.o
 .debug_loc     0x00000305       0xf9 PWM.o
 .debug_loc     0x000003fe      0x287 TaskMgr.o
 .debug_loc     0x00000685      0x134 Tasks.o
 .debug_loc     0x000007b9      0x1bc USART.o

.debug_macinfo
 *(.debug_macinfo)

.debug_weaknames
 *(.debug_weaknames)

.debug_funcnames
 *(.debug_funcnames)

.debug_typenames
 *(.debug_typenames)

.debug_varnames
 *(.debug_varnames)

.debug_pubtypes
 *(.debug_pubtypes)

.debug_ranges   0x00000000      0x140
 *(.debug_ranges)
 .debug_ranges  0x00000000       0x28 ADC.o
 .debug_ranges  0x00000028       0x20 LEDs.o
 .debug_ranges  0x00000048       0x18 main.o
 .debug_ranges  0x00000060       0x20 PowerSaving.o
 .debug_ranges  0x00000080       0x28 PWM.o
 .debug_ranges  0x000000a8       0x40 TaskMgr.o
 .debug_ranges  0x000000e8       0x30 Tasks.o
 .debug_ranges  0x00000118       0x28 USART.o

.debug_macro    0x00000000     0x2d6c
 *(.debug_macro)
 .debug_macro   0x00000000       0x91 ADC.o
 .debug_macro   0x00000091      0xa4e ADC.o
 .debug_macro   0x00000adf       0x10 ADC.o
 .debug_macro   0x00000aef      0x1c9 ADC.o
 .debug_macro   0x00000cb8      0x2fc ADC.o
 .debug_macro   0x00000fb4       0x9e ADC.o
 .debug_macro   0x00001052     0x1410 ADC.o
 .debug_macro   0x00002462      0x13a ADC.o
 .debug_macro   0x0000259c       0xbd ADC.o
 .debug_macro   0x00002659       0x34 ADC.o
 .debug_macro   0x0000268d       0x18 ADC.o
 .debug_macro   0x000026a5       0x6c ADC.o
 .debug_macro   0x00002711       0x96 LEDs.o
 .debug_macro   0x000027a7       0x1c LEDs.o
 .debug_macro   0x000027c3       0xdb main.o
 .debug_macro   0x0000289e       0x69 main.o
 .debug_macro   0x00002907       0x1c main.o
 .debug_macro   0x00002923       0x1c main.o
 .debug_macro   0x0000293f       0x22 main.o
 .debug_macro   0x00002961       0x22 main.o
 .debug_macro   0x00002983       0x49 main.o
 .debug_macro   0x000029cc       0xac PowerSaving.o
 .debug_macro   0x00002a78       0x96 PWM.o
 .debug_macro   0x00002b0e       0x1c PWM.o
 .debug_macro   0x00002b2a       0x9f TaskMgr.o
 .debug_macro   0x00002bc9       0x16 TaskMgr.o
 .debug_macro   0x00002bdf       0xd8 Tasks.o
 .debug_macro   0x00002cb7       0x16 Tasks.o
 .debug_macro   0x00002ccd       0x9f USART.o
OUTPUT(Project1.elf elf32-avr)
LOAD linker stubs
